[2026-07-25 15:20:56 +0100] [58959] [INFO] Starting gunicorn 26.0.0
[2026-07-25 15:20:56 +0100] [58959] [INFO] Listening at: http://127.0.0.1:8000 (58959)
[2026-07-25 15:20:56 +0100] [58959] [INFO] Using worker: sync
[2026-07-25 15:20:56 +0100] [58960] [INFO] Booting worker with pid: 58960
[2026-07-25 15:20:56 +0100] [58960] [ERROR] Exception in worker process
Traceback (most recent call last):
  File "/home/jurandir/PycharmProjects/EUFit/.venv/lib/python3.12/site-packages/gunicorn/arbiter.py", line 713, in spawn_worker
    worker.init_process()
  File "/home/jurandir/PycharmProjects/EUFit/.venv/lib/python3.12/site-packages/gunicorn/workers/base.py", line 136, in init_process
    self.load_wsgi()
  File "/home/jurandir/PycharmProjects/EUFit/.venv/lib/python3.12/site-packages/gunicorn/workers/base.py", line 148, in load_wsgi
    self.wsgi = self.app.wsgi()
                ^^^^^^^^^^^^^^^
  File "/home/jurandir/PycharmProjects/EUFit/.venv/lib/python3.12/site-packages/gunicorn/app/base.py", line 66, in wsgi
    self.callable = self.load()
                    ^^^^^^^^^^^
  File "/home/jurandir/PycharmProjects/EUFit/.venv/lib/python3.12/site-packages/gunicorn/app/wsgiapp.py", line 57, in load
    return self.load_wsgiapp()
           ^^^^^^^^^^^^^^^^^^^
  File "/home/jurandir/PycharmProjects/EUFit/.venv/lib/python3.12/site-packages/gunicorn/app/wsgiapp.py", line 47, in load_wsgiapp
    return util.import_app(self.app_uri)
           ^^^^^^^^^^^^^^^^^^^^^^^^^^^^^
  File "/home/jurandir/PycharmProjects/EUFit/.venv/lib/python3.12/site-packages/gunicorn/util.py", line 411, in import_app
    mod = importlib.import_module(module)
          ^^^^^^^^^^^^^^^^^^^^^^^^^^^^^^^
  File "/usr/lib/python3.12/importlib/__init__.py", line 90, in import_module
    return _bootstrap._gcd_import(name[level:], package, level)
           ^^^^^^^^^^^^^^^^^^^^^^^^^^^^^^^^^^^^^^^^^^^^^^^^^^^^
  File "<frozen importlib._bootstrap>", line 1387, in _gcd_import
  File "<frozen importlib._bootstrap>", line 1360, in _find_and_load
  File "<frozen importlib._bootstrap>", line 1331, in _find_and_load_unlocked
  File "<frozen importlib._bootstrap>", line 935, in _load_unlocked
  File "<frozen importlib._bootstrap_external>", line 995, in exec_module
  File "<frozen importlib._bootstrap>", line 488, in _call_with_frames_removed
  File "/home/jurandir/PycharmProjects/EUFit/app/__init__.py", line 2, in <module>
    from flask import Flask, render_template
ModuleNotFoundError: No module named 'flask'
No module named 'flask'
[2026-07-25 15:20:56 +0100] [58960] [INFO] Worker exiting (pid: 58960)
[2026-07-25 15:20:56 +0100] [58959] [ERROR] Worker (pid:58960) exited with code 3.
[2026-07-25 15:20:56 +0100] [58959] [INFO] Control socket listening at /run/user/1000/gunicorn.ctl
[2026-07-25 15:20:58 +0100] [58959] [ERROR] Shutting down: Master
[2026-07-25 15:20:58 +0100] [58959] [ERROR] Reason: Worker failed to boot.
